192.168.1.10 - alice [19/Nov/2024:08:00:01 +0000] "GET /index.html HTTP/1.1" 200 9481 "-" "Mozilla/5.0 (Windows NT 10.0; Win64; x64) Chrome/130.0"
192.168.1.10 - alice [19/Nov/2024:08:00:02 +0000] "GET /css/style.css HTTP/1.1" 200 3245 "/index.html" "Mozilla/5.0 (Windows NT 10.0; Win64; x64) Chrome/130.0"
192.168.1.10 - alice [19/Nov/2024:08:00:02 +0000] "GET /js/app.js HTTP/1.1" 200 18720 "/index.html" "Mozilla/5.0 (Windows NT 10.0; Win64; x64) Chrome/130.0"
192.168.1.12 - bob [19/Nov/2024:08:01:15 +0000] "GET /dashboard HTTP/1.1" 200 12044 "-" "Mozilla/5.0 (Macintosh; Intel Mac OS X 14_1) Safari/605.1"
192.168.1.12 - bob [19/Nov/2024:08:01:16 +0000] "GET /api/stats HTTP/1.1" 200 892 "/dashboard" "Mozilla/5.0 (Macintosh; Intel Mac OS X 14_1) Safari/605.1"
10.0.2.15 - - [19/Nov/2024:08:02:00 +0000] "GET /login HTTP/1.1" 200 4521 "-" "Mozilla/5.0 (X11; Linux x86_64) Firefox/131.0"
10.0.2.15 - - [19/Nov/2024:08:02:05 +0000] "POST /login HTTP/1.1" 302 0 "/login" "Mozilla/5.0 (X11; Linux x86_64) Firefox/131.0"
10.0.2.15 - charlie [19/Nov/2024:08:02:06 +0000] "GET /dashboard HTTP/1.1" 200 12044 "/login" "Mozilla/5.0 (X11; Linux x86_64) Firefox/131.0"
203.0.113.50 - - [19/Nov/2024:08:03:00 +0000] "GET /robots.txt HTTP/1.1" 200 145 "-" "Googlebot/2.1"
203.0.113.50 - - [19/Nov/2024:08:03:01 +0000] "GET /sitemap.xml HTTP/1.1" 200 2890 "-" "Googlebot/2.1"
192.168.1.10 - alice [19/Nov/2024:08:04:10 +0000] "GET /products HTTP/1.1" 200 24500 "/dashboard" "Mozilla/5.0 (Windows NT 10.0; Win64; x64) Chrome/130.0"
192.168.1.10 - alice [19/Nov/2024:08:04:12 +0000] "GET /products?category=electronics HTTP/1.1" 200 8930 "/products" "Mozilla/5.0 (Windows NT 10.0; Win64; x64) Chrome/130.0"
192.168.1.10 - alice [19/Nov/2024:08:04:30 +0000] "GET /products/PRD-1001 HTTP/1.1" 200 5620 "/products?category=electronics" "Mozilla/5.0 (Windows NT 10.0; Win64; x64) Chrome/130.0"
192.168.1.10 - alice [19/Nov/2024:08:04:45 +0000] "POST /cart/add HTTP/1.1" 200 320 "/products/PRD-1001" "Mozilla/5.0 (Windows NT 10.0; Win64; x64) Chrome/130.0"
10.0.3.22 - diana [19/Nov/2024:08:05:00 +0000] "GET /index.html HTTP/1.1" 200 9481 "-" "Mozilla/5.0 (iPhone; CPU iPhone OS 17_1) Mobile Safari/605.1"
10.0.3.22 - diana [19/Nov/2024:08:05:01 +0000] "GET /css/style.css HTTP/1.1" 304 0 "/index.html" "Mozilla/5.0 (iPhone; CPU iPhone OS 17_1) Mobile Safari/605.1"
192.168.1.12 - bob [19/Nov/2024:08:06:00 +0000] "GET /api/orders HTTP/1.1" 200 15820 "/dashboard" "Mozilla/5.0 (Macintosh; Intel Mac OS X 14_1) Safari/605.1"
192.168.1.12 - bob [19/Nov/2024:08:06:30 +0000] "GET /api/orders/ORD-10042 HTTP/1.1" 200 1240 "/api/orders" "Mozilla/5.0 (Macintosh; Intel Mac OS X 14_1) Safari/605.1"
10.0.2.15 - charlie [19/Nov/2024:08:07:00 +0000] "POST /api/orders HTTP/1.1" 201 890 "/checkout" "Mozilla/5.0 (X11; Linux x86_64) Firefox/131.0"
10.0.2.15 - charlie [19/Nov/2024:08:07:01 +0000] "GET /order-confirmation HTTP/1.1" 200 6780 "/checkout" "Mozilla/5.0 (X11; Linux x86_64) Firefox/131.0"
203.0.113.100 - - [19/Nov/2024:08:08:00 +0000] "GET /admin HTTP/1.1" 403 1250 "-" "curl/8.4.0"
203.0.113.100 - - [19/Nov/2024:08:08:01 +0000] "GET /admin/config HTTP/1.1" 403 1250 "-" "curl/8.4.0"
203.0.113.100 - - [19/Nov/2024:08:08:02 +0000] "GET /.env HTTP/1.1" 404 0 "-" "curl/8.4.0"
203.0.113.100 - - [19/Nov/2024:08:08:03 +0000] "GET /wp-admin HTTP/1.1" 404 0 "-" "curl/8.4.0"
192.168.1.10 - alice [19/Nov/2024:08:09:00 +0000] "GET /cart HTTP/1.1" 200 4320 "/products/PRD-1001" "Mozilla/5.0 (Windows NT 10.0; Win64; x64) Chrome/130.0"
192.168.1.10 - alice [19/Nov/2024:08:09:15 +0000] "POST /checkout HTTP/1.1" 200 7890 "/cart" "Mozilla/5.0 (Windows NT 10.0; Win64; x64) Chrome/130.0"
192.168.1.10 - alice [19/Nov/2024:08:09:30 +0000] "POST /api/payment HTTP/1.1" 200 450 "/checkout" "Mozilla/5.0 (Windows NT 10.0; Win64; x64) Chrome/130.0"
192.168.1.10 - alice [19/Nov/2024:08:09:31 +0000] "GET /order-confirmation HTTP/1.1" 200 6780 "/checkout" "Mozilla/5.0 (Windows NT 10.0; Win64; x64) Chrome/130.0"
10.0.3.22 - diana [19/Nov/2024:08:10:00 +0000] "GET /products HTTP/1.1" 200 24500 "/index.html" "Mozilla/5.0 (iPhone; CPU iPhone OS 17_1) Mobile Safari/605.1"
10.0.3.22 - diana [19/Nov/2024:08:10:15 +0000] "GET /products?category=clothing HTTP/1.1" 200 11200 "/products" "Mozilla/5.0 (iPhone; CPU iPhone OS 17_1) Mobile Safari/605.1"
10.0.3.22 - diana [19/Nov/2024:08:10:30 +0000] "GET /products/PRD-2045 HTTP/1.1" 200 4890 "/products?category=clothing" "Mozilla/5.0 (iPhone; CPU iPhone OS 17_1) Mobile Safari/605.1"
10.0.3.22 - diana [19/Nov/2024:08:10:45 +0000] "POST /cart/add HTTP/1.1" 200 320 "/products/PRD-2045" "Mozilla/5.0 (iPhone; CPU iPhone OS 17_1) Mobile Safari/605.1"
10.0.3.22 - diana [19/Nov/2024:08:10:50 +0000] "POST /cart/add HTTP/1.1" 200 320 "/products/PRD-2045" "Mozilla/5.0 (iPhone; CPU iPhone OS 17_1) Mobile Safari/605.1"
192.168.1.12 - bob [19/Nov/2024:08:11:00 +0000] "GET /reports/sales HTTP/1.1" 200 34200 "/dashboard" "Mozilla/5.0 (Macintosh; Intel Mac OS X 14_1) Safari/605.1"
192.168.1.12 - bob [19/Nov/2024:08:11:30 +0000] "GET /reports/sales?period=monthly HTTP/1.1" 200 18900 "/reports/sales" "Mozilla/5.0 (Macintosh; Intel Mac OS X 14_1) Safari/605.1"
10.0.4.8 - eve [19/Nov/2024:08:12:00 +0000] "GET /index.html HTTP/1.1" 200 9481 "-" "Mozilla/5.0 (Windows NT 10.0; Win64; x64) Edge/130.0"
10.0.4.8 - eve [19/Nov/2024:08:12:05 +0000] "GET /products HTTP/1.1" 200 24500 "/index.html" "Mozilla/5.0 (Windows NT 10.0; Win64; x64) Edge/130.0"
10.0.4.8 - eve [19/Nov/2024:08:12:30 +0000] "GET /products?search=laptop HTTP/1.1" 200 6740 "/products" "Mozilla/5.0 (Windows NT 10.0; Win64; x64) Edge/130.0"
10.0.2.15 - charlie [19/Nov/2024:08:13:00 +0000] "GET /account HTTP/1.1" 200 8200 "/dashboard" "Mozilla/5.0 (X11; Linux x86_64) Firefox/131.0"
10.0.2.15 - charlie [19/Nov/2024:08:13:15 +0000] "PUT /api/profile HTTP/1.1" 200 420 "/account" "Mozilla/5.0 (X11; Linux x86_64) Firefox/131.0"
192.168.1.10 - alice [19/Nov/2024:08:14:00 +0000] "GET /api/orders HTTP/1.1" 200 4560 "/account" "Mozilla/5.0 (Windows NT 10.0; Win64; x64) Chrome/130.0"
10.0.3.22 - diana [19/Nov/2024:08:14:30 +0000] "GET /checkout HTTP/1.1" 200 7890 "/cart" "Mozilla/5.0 (iPhone; CPU iPhone OS 17_1) Mobile Safari/605.1"
10.0.3.22 - diana [19/Nov/2024:08:14:45 +0000] "POST /api/payment HTTP/1.1" 502 890 "/checkout" "Mozilla/5.0 (iPhone; CPU iPhone OS 17_1) Mobile Safari/605.1"
10.0.3.22 - diana [19/Nov/2024:08:15:00 +0000] "POST /api/payment HTTP/1.1" 200 450 "/checkout" "Mozilla/5.0 (iPhone; CPU iPhone OS 17_1) Mobile Safari/605.1"
10.0.3.22 - diana [19/Nov/2024:08:15:01 +0000] "GET /order-confirmation HTTP/1.1" 200 6780 "/checkout" "Mozilla/5.0 (iPhone; CPU iPhone OS 17_1) Mobile Safari/605.1"
10.0.4.8 - eve [19/Nov/2024:08:15:30 +0000] "POST /cart/add HTTP/1.1" 200 320 "/products?search=laptop" "Mozilla/5.0 (Windows NT 10.0; Win64; x64) Edge/130.0"
10.0.4.8 - eve [19/Nov/2024:08:16:00 +0000] "GET /cart HTTP/1.1" 200 3890 "/products" "Mozilla/5.0 (Windows NT 10.0; Win64; x64) Edge/130.0"
10.0.4.8 - eve [19/Nov/2024:08:16:30 +0000] "DELETE /cart/items/3 HTTP/1.1" 204 0 "/cart" "Mozilla/5.0 (Windows NT 10.0; Win64; x64) Edge/130.0"
192.168.1.12 - bob [19/Nov/2024:08:17:00 +0000] "GET /api/inventory HTTP/1.1" 200 28400 "/dashboard" "Mozilla/5.0 (Macintosh; Intel Mac OS X 14_1) Safari/605.1"
192.168.1.12 - bob [19/Nov/2024:08:17:30 +0000] "PUT /api/inventory/PRD-1001 HTTP/1.1" 200 340 "/api/inventory" "Mozilla/5.0 (Macintosh; Intel Mac OS X 14_1) Safari/605.1"
203.0.113.75 - - [19/Nov/2024:08:18:00 +0000] "GET / HTTP/1.1" 200 9481 "-" "Bingbot/2.0"
192.168.1.10 - alice [19/Nov/2024:08:19:00 +0000] "GET /support HTTP/1.1" 200 5620 "/account" "Mozilla/5.0 (Windows NT 10.0; Win64; x64) Chrome/130.0"
192.168.1.10 - alice [19/Nov/2024:08:19:15 +0000] "POST /api/support/tickets HTTP/1.1" 201 670 "/support" "Mozilla/5.0 (Windows NT 10.0; Win64; x64) Chrome/130.0"
10.0.2.15 - charlie [19/Nov/2024:08:20:00 +0000] "GET /logout HTTP/1.1" 302 0 "/account" "Mozilla/5.0 (X11; Linux x86_64) Firefox/131.0"
10.0.4.8 - eve [19/Nov/2024:08:20:30 +0000] "POST /checkout HTTP/1.1" 200 7890 "/cart" "Mozilla/5.0 (Windows NT 10.0; Win64; x64) Edge/130.0"
10.0.4.8 - eve [19/Nov/2024:08:20:45 +0000] "POST /api/payment HTTP/1.1" 200 450 "/checkout" "Mozilla/5.0 (Windows NT 10.0; Win64; x64) Edge/130.0"
10.0.4.8 - eve [19/Nov/2024:08:20:46 +0000] "GET /order-confirmation HTTP/1.1" 200 6780 "/checkout" "Mozilla/5.0 (Windows NT 10.0; Win64; x64) Edge/130.0"
192.168.1.12 - bob [19/Nov/2024:08:21:00 +0000] "GET /logout HTTP/1.1" 302 0 "/dashboard" "Mozilla/5.0 (Macintosh; Intel Mac OS X 14_1) Safari/605.1"
192.168.1.10 - alice [19/Nov/2024:08:22:00 +0000] "GET /logout HTTP/1.1" 302 0 "/support" "Mozilla/5.0 (Windows NT 10.0; Win64; x64) Chrome/130.0"
10.0.3.22 - diana [19/Nov/2024:08:23:00 +0000] "GET /account HTTP/1.1" 200 8200 "/order-confirmation" "Mozilla/5.0 (iPhone; CPU iPhone OS 17_1) Mobile Safari/605.1"
10.0.3.22 - diana [19/Nov/2024:08:24:00 +0000] "GET /logout HTTP/1.1" 302 0 "/account" "Mozilla/5.0 (iPhone; CPU iPhone OS 17_1) Mobile Safari/605.1"
10.0.4.8 - eve [19/Nov/2024:08:25:00 +0000] "GET /logout HTTP/1.1" 302 0 "/order-confirmation" "Mozilla/5.0 (Windows NT 10.0; Win64; x64) Edge/130.0"
